// Jest Snapshot v1, https://goo.gl/fbAQLP

exports[`loading screen renders correctly 1`] = `
<RNCSafeAreaView
  style={
    Array [
      Object {
        "flex": 1,
      },
      undefined,
    ]
  }
>
  <View
    style={
      Object {
        "flex": 1,
        "flexDirection": "row",
        "justifyContent": "center",
        "padding": 24,
      }
    }
  >
    <Text
      style={
        Array [
          Object {
            "color": "#000000",
          },
          Object {
            "padding": 10,
          },
        ]
      }
    >
      Loading...please wait
    </Text>
  </View>
</RNCSafeAreaView>
`;
