// Jest Snapshot v1, https://goo.gl/fbAQLP

exports[`renders correctly 1`] = `
<RNCSafeAreaView>
  <View
    accessible={true}
    focusable={false}
    onClick={[Function]}
    onResponderGrant={[Function]}
    onResponderMove={[Function]}
    onResponderRelease={[Function]}
    onResponderTerminate={[Function]}
    onResponderTerminationRequest={[Function]}
    onStartShouldSetResponder={[Function]}
    style={
      Object {
        "opacity": 1,
      }
    }
    testID="touch"
  >
    <RCTSwitch
      accessibilityRole="switch"
      onChange={[Function]}
      onResponderTerminationRequest={[Function]}
      onStartShouldSetResponder={[Function]}
      style={
        Array [
          Object {
            "height": 31,
            "width": 51,
          },
          Object {
            "borderRadius": 15,
          },
        ]
      }
      testID="switchTheme"
      value={false}
    />
  </View>
  <Text
    style={
      Object {
        "color": "red",
      }
    }
    testID="loadingText"
  >
    Loading & theme is: 
    light
  </Text>
</RNCSafeAreaView>
`;
